// Jest Snapshot v1, https://goo.gl/fbAQLP

exports[`render <CheckboxGroup> component 1`] = `
<styled.div>
  <Checkbox
    checked={false}
    disabled={false}
    id="ethos"
    name="ethos"
    theme="light"
    value="ethos"
  >
    ETHOS
  </Checkbox>
  <Checkbox
    checked={false}
    disabled={false}
    id="cvc"
    name="cvc"
    theme="light"
    value="cvc"
  >
    CVC
  </Checkbox>
  <Checkbox
    checked={false}
    disabled={false}
    id="ink"
    name="ink"
    theme="light"
    value="ink"
  >
    INK
  </Checkbox>
</styled.div>
`;
